// Jest Snapshot v1, https://goo.gl/fbAQLP

exports[`renders correctly 1`] = `
<span
  className="css-k8b19o"
  color="#000000"
>
  
</span>
`;
