// Jest Snapshot v1, https://goo.gl/fbAQLP

exports[`renders correctly 1`] = `
<button
  aria-label="test"
  className="css-1mjt4j"
>
  test
</button>
`;
