// Jest Snapshot v1, https://goo.gl/fbAQLP

exports[`renders correctly 1`] = `
<label
  className=" css-1mk237q"
>
  <input
    checked={false}
    className="css-11c0hjf"
    onChange={[Function]}
    type="checkbox"
  />
  <div
    className="css-k8kyit"
  />
   
</label>
`;
